Archive member included to satisfy reference by file (symbol)

/usr/lib/gcc/arm-none-eabi/13.2.1/../../../arm-none-eabi/lib/thumb/v7e-m+fp/hard/libc.a(libc_a-init.o)
                              Core/Startup/startup_stm32f407vgtx.o (__libc_init_array)

Discarded input sections

 .group         0x00000000        0xc main.o
 .group         0x00000000        0xc main.o
 .group         0x00000000        0xc main.o
 .group         0x00000000        0xc main.o
 .group         0x00000000        0xc main.o
 .group         0x00000000        0xc main.o
 .group         0x00000000        0xc main.o
 .group         0x00000000        0xc main.o
 .group         0x00000000        0xc main.o
 .group         0x00000000        0xc main.o
 .group         0x00000000        0xc main.o
 .group         0x00000000        0xc main.o
 .group         0x00000000        0xc main.o
 .group         0x00000000        0xc main.o
 .group         0x00000000        0xc main.o
 .group         0x00000000        0xc main.o
 .group         0x00000000        0xc main.o
 .group         0x00000000        0xc main.o
 .group         0x00000000        0xc main.o
 .group         0x00000000        0xc main.o
 .group         0x00000000        0xc main.o
 .group         0x00000000        0xc main.o
 .group         0x00000000        0xc main.o
 .group         0x00000000        0xc main.o
 .group         0x00000000        0xc main.o
 .group         0x00000000        0xc main.o
 .group         0x00000000        0xc main.o
 .group         0x00000000        0xc main.o
 .group         0x00000000        0xc main.o
 .group         0x00000000        0xc main.o
 .group         0x00000000        0xc Core/Src/system_stm32f4xx.o
 .group         0x00000000        0xc Core/Src/system_stm32f4xx.o
 .group         0x00000000        0xc Core/Src/system_stm32f4xx.o
 .group         0x00000000        0xc Core/Src/system_stm32f4xx.o
 .group         0x00000000        0xc Core/Src/system_stm32f4xx.o
 .group         0x00000000        0xc Core/Src/system_stm32f4xx.o
 .group         0x00000000        0xc Core/Src/system_stm32f4xx.o
 .group         0x00000000        0xc Core/Src/system_stm32f4xx.o
 .group         0x00000000        0xc Core/Src/system_stm32f4xx.o
 .debug_macro   0x00000000      0xad2 Core/Src/system_stm32f4xx.o
 .debug_macro   0x00000000       0x2f Core/Src/system_stm32f4xx.o
 .debug_macro   0x00000000      0x34e Core/Src/system_stm32f4xx.o
 .debug_macro   0x00000000       0x1c Core/Src/system_stm32f4xx.o
 .debug_macro   0x00000000       0x22 Core/Src/system_stm32f4xx.o
 .debug_macro   0x00000000       0xfb Core/Src/system_stm32f4xx.o
 .debug_macro   0x00000000     0x1011 Core/Src/system_stm32f4xx.o
 .debug_macro   0x00000000      0x11f Core/Src/system_stm32f4xx.o
 .debug_macro   0x00000000    0x15ea5 Core/Src/system_stm32f4xx.o
 .group         0x00000000        0xc Core/Src/init.o
 .debug_macro   0x00000000      0xad2 Core/Src/init.o
 .group         0x00000000        0xc Core/Src/gpio.o
 .group         0x00000000        0xc Core/Src/gpio.o
 .group         0x00000000        0xc Core/Src/gpio.o
 .group         0x00000000        0xc Core/Src/gpio.o
 .group         0x00000000        0xc Core/Src/gpio.o
 .group         0x00000000        0xc Core/Src/gpio.o
 .group         0x00000000        0xc Core/Src/gpio.o
 .group         0x00000000        0xc Core/Src/gpio.o
 .group         0x00000000        0xc Core/Src/gpio.o
 .group         0x00000000        0xc Core/Src/gpio.o
 .group         0x00000000        0xc Core/Src/gpio.o
 .group         0x00000000        0xc Core/Src/gpio.o
 .group         0x00000000        0xc Core/Src/gpio.o
 .debug_macro   0x00000000      0xad2 Core/Src/gpio.o
 .debug_macro   0x00000000      0x34e Core/Src/gpio.o
 .debug_macro   0x00000000      0x190 Core/Src/gpio.o
 .debug_macro   0x00000000       0x2f Core/Src/gpio.o
 .debug_macro   0x00000000       0x1c Core/Src/gpio.o
 .debug_macro   0x00000000       0x22 Core/Src/gpio.o
 .debug_macro   0x00000000       0xfb Core/Src/gpio.o
 .debug_macro   0x00000000     0x1011 Core/Src/gpio.o
 .debug_macro   0x00000000      0x11f Core/Src/gpio.o
 .debug_macro   0x00000000    0x15ea5 Core/Src/gpio.o
 .debug_macro   0x00000000       0x58 Core/Src/gpio.o
 .debug_macro   0x00000000      0x12a Core/Src/gpio.o
 .debug_macro   0x00000000       0xee Core/Src/gpio.o
 .group         0x00000000        0xc Core/Src/rcc.o
 .group         0x00000000        0xc Core/Src/rcc.o
 .group         0x00000000        0xc Core/Src/rcc.o
 .group         0x00000000        0xc Core/Src/rcc.o
 .group         0x00000000        0xc Core/Src/rcc.o
 .group         0x00000000        0xc Core/Src/rcc.o
 .group         0x00000000        0xc Core/Src/rcc.o
 .group         0x00000000        0xc Core/Src/rcc.o
 .group         0x00000000        0xc Core/Src/rcc.o
 .group         0x00000000        0xc Core/Src/rcc.o
 .group         0x00000000        0xc Core/Src/rcc.o
 .group         0x00000000        0xc Core/Src/rcc.o
 .group         0x00000000        0xc Core/Src/rcc.o
 .debug_macro   0x00000000      0xad2 Core/Src/rcc.o
 .debug_macro   0x00000000      0x34e Core/Src/rcc.o
 .debug_macro   0x00000000      0x190 Core/Src/rcc.o
 .debug_macro   0x00000000       0x2f Core/Src/rcc.o
 .debug_macro   0x00000000       0x1c Core/Src/rcc.o
 .debug_macro   0x00000000       0x22 Core/Src/rcc.o
 .debug_macro   0x00000000       0xfb Core/Src/rcc.o
 .debug_macro   0x00000000     0x1011 Core/Src/rcc.o
 .debug_macro   0x00000000      0x11f Core/Src/rcc.o
 .debug_macro   0x00000000    0x15ea5 Core/Src/rcc.o
 .debug_macro   0x00000000       0x58 Core/Src/rcc.o
 .debug_macro   0x00000000       0xee Core/Src/rcc.o
 .group         0x00000000        0xc Core/Src/exti.o
 .group         0x00000000        0xc Core/Src/exti.o
 .group         0x00000000        0xc Core/Src/exti.o
 .group         0x00000000        0xc Core/Src/exti.o
 .group         0x00000000        0xc Core/Src/exti.o
 .group         0x00000000        0xc Core/Src/exti.o
 .group         0x00000000        0xc Core/Src/exti.o
 .group         0x00000000        0xc Core/Src/exti.o
 .group         0x00000000        0xc Core/Src/exti.o
 .group         0x00000000        0xc Core/Src/exti.o
 .group         0x00000000        0xc Core/Src/exti.o
 .group         0x00000000        0xc Core/Src/exti.o
 .debug_macro   0x00000000      0xad2 Core/Src/exti.o
 .debug_macro   0x00000000      0x34e Core/Src/exti.o
 .debug_macro   0x00000000      0x190 Core/Src/exti.o
 .debug_macro   0x00000000       0x2f Core/Src/exti.o
 .debug_macro   0x00000000       0x1c Core/Src/exti.o
 .debug_macro   0x00000000       0x22 Core/Src/exti.o
 .debug_macro   0x00000000       0xfb Core/Src/exti.o
 .debug_macro   0x00000000     0x1011 Core/Src/exti.o
 .debug_macro   0x00000000      0x11f Core/Src/exti.o
 .debug_macro   0x00000000    0x15ea5 Core/Src/exti.o
 .debug_macro   0x00000000       0x58 Core/Src/exti.o
 .debug_macro   0x00000000      0x130 Core/Src/exti.o
 .group         0x00000000        0xc Core/Src/it.o
 .group         0x00000000        0xc Core/Src/it.o
 .group         0x00000000        0xc Core/Src/it.o
 .group         0x00000000        0xc Core/Src/it.o
 .group         0x00000000        0xc Core/Src/it.o
 .group         0x00000000        0xc Core/Src/it.o
 .group         0x00000000        0xc Core/Src/it.o
 .group         0x00000000        0xc Core/Src/it.o
 .group         0x00000000        0xc Core/Src/it.o
 .group         0x00000000        0xc Core/Src/it.o
 .group         0x00000000        0xc Core/Src/it.o
 .group         0x00000000        0xc Core/Src/it.o
 .debug_macro   0x00000000      0xad2 Core/Src/it.o
 .debug_macro   0x00000000      0x34e Core/Src/it.o
 .debug_macro   0x00000000      0x190 Core/Src/it.o
 .debug_macro   0x00000000       0x2f Core/Src/it.o
 .debug_macro   0x00000000       0x1c Core/Src/it.o
 .debug_macro   0x00000000       0x22 Core/Src/it.o
 .debug_macro   0x00000000       0xfb Core/Src/it.o
 .debug_macro   0x00000000     0x1011 Core/Src/it.o
 .debug_macro   0x00000000      0x11f Core/Src/it.o
 .debug_macro   0x00000000    0x15ea5 Core/Src/it.o
 .debug_macro   0x00000000       0x58 Core/Src/it.o
 .debug_macro   0x00000000      0x130 Core/Src/it.o
 .group         0x00000000        0xc Core/Src/spi_driver.o
 .group         0x00000000        0xc Core/Src/spi_driver.o
 .group         0x00000000        0xc Core/Src/spi_driver.o
 .group         0x00000000        0xc Core/Src/spi_driver.o
 .group         0x00000000        0xc Core/Src/spi_driver.o
 .group         0x00000000        0xc Core/Src/spi_driver.o
 .group         0x00000000        0xc Core/Src/spi_driver.o
 .group         0x00000000        0xc Core/Src/spi_driver.o
 .group         0x00000000        0xc Core/Src/spi_driver.o
 .group         0x00000000        0xc Core/Src/spi_driver.o
 .group         0x00000000        0xc Core/Src/spi_driver.o
 .group         0x00000000        0xc Core/Src/spi_driver.o
 .group         0x00000000        0xc Core/Src/spi_driver.o
 .group         0x00000000        0xc Core/Src/spi_driver.o
 .debug_macro   0x00000000      0xad2 Core/Src/spi_driver.o
 .debug_macro   0x00000000      0x34e Core/Src/spi_driver.o
 .debug_macro   0x00000000      0x190 Core/Src/spi_driver.o
 .debug_macro   0x00000000       0x2f Core/Src/spi_driver.o
 .debug_macro   0x00000000       0x1c Core/Src/spi_driver.o
 .debug_macro   0x00000000       0x22 Core/Src/spi_driver.o
 .debug_macro   0x00000000       0xfb Core/Src/spi_driver.o
 .debug_macro   0x00000000     0x1011 Core/Src/spi_driver.o
 .debug_macro   0x00000000      0x11f Core/Src/spi_driver.o
 .debug_macro   0x00000000    0x15ea5 Core/Src/spi_driver.o
 .debug_macro   0x00000000       0x58 Core/Src/spi_driver.o
 .debug_macro   0x00000000      0x130 Core/Src/spi_driver.o
 .debug_macro   0x00000000       0xee Core/Src/spi_driver.o

Memory Configuration

Name             Origin             Length             Attributes
CCMRAM           0x10000000         0x00010000         xrw
RAM              0x20000000         0x00020000         xrw
FLASH            0x08000000         0x00100000         xr
*default*        0x00000000         0xffffffff

Linker script and memory map

LOAD main.o
LOAD Core/Src/system_stm32f4xx.o
LOAD Core/Src/init.o
LOAD Core/Src/gpio.o
LOAD Core/Src/rcc.o
LOAD Core/Src/exti.o
LOAD Core/Src/it.o
LOAD Core/Src/spi_driver.o
LOAD Core/Startup/startup_stm32f407vgtx.o
START GROUP
LOAD /usr/lib/gcc/arm-none-eabi/13.2.1/thumb/v7e-m+fp/hard/libgcc.a
LOAD /usr/lib/gcc/arm-none-eabi/13.2.1/../../../arm-none-eabi/lib/thumb/v7e-m+fp/hard/libc.a
END GROUP
                0x20020000                        _estack = (ORIGIN (RAM) + LENGTH (RAM))
                0x00000200                        _Min_Heap_Size = 0x200
                0x00000400                        _Min_Stack_Size = 0x400

.isr_vector     0x08000000      0x188
                0x08000000                        . = ALIGN (0x4)
 *(.isr_vector)
 .isr_vector    0x08000000      0x188 Core/Startup/startup_stm32f407vgtx.o
                0x08000000                g_pfnVectors
                0x08000188                        . = ALIGN (0x4)

.text           0x08000188     0x1248
                0x08000188                        . = ALIGN (0x4)
 *(.text)
 .text          0x08000188      0x270 main.o
                0x08000188                Timer_init
                0x080001fc                delay_us
                0x0800024c                delay_ms
                0x0800027a                SPI2_Inits
                0x080002c8                main
                0x080003a0                EXTI0_IRQCallback
 .text          0x080003f8      0x110 Core/Src/system_stm32f4xx.o
                0x080003f8                SystemInit
                0x0800041c                SystemCoreClockUpdate
 .text          0x08000508       0x1c Core/Src/init.o
                0x08000508                _init
                0x08000516                _fini
 .text          0x08000524      0x764 Core/Src/gpio.o
                0x08000524                GPIO_PeriClockControl
                0x080006f4                GPIO_Init
                0x08000a2c                GPIO_DeInit
                0x08000b98                GPIO_Write_Pin
                0x08000bee                GPIO_Write_Port
                0x08000c0e                GPIO_Toggle_Pin
                0x08000c3e                GPIO_Read_Pin
                0x08000c6a                GPIO_Read_Port
 .text          0x08000c88       0xdc Core/Src/rcc.o
                0x08000c88                rcc_init
 .text          0x08000d64      0x1b0 Core/Src/exti.o
                0x08000d64                NVIC_ICSR
                0x08000dd8                Driver_NVIC_SetPriorityGrouping
                0x08000e68                Driver_NVIC_SetPriority
                0x08000ed0                EXTI0_IRQHandling
 .text          0x08000f14        0xc Core/Src/it.o
                0x08000f14                EXTI0_IRQHandler
 .text          0x08000f20      0x3f8 Core/Src/spi_driver.o
                0x08000f20                SPI_PeriClockControl
                0x08000fd0                SPI_Init
                0x080010f6                SPI_GetFlagStatus
                0x08001120                SPI_DeInit
                0x080011a8                SPI_PeripheralControl
                0x080011e0                SPI_SSI_Config
                0x08001218                SPI_SendData
                0x0800129e                SPI_GpioConfig
 .text          0x08001318       0x14 Core/Startup/startup_stm32f407vgtx.o
 .text          0x0800132c       0x50 /usr/lib/gcc/arm-none-eabi/13.2.1/../../../arm-none-eabi/lib/thumb/v7e-m+fp/hard/libc.a(libc_a-init.o)
                0x0800132c                __libc_init_array
 *(.text*)
 .text.Reset_Handler
                0x0800137c       0x50 Core/Startup/startup_stm32f407vgtx.o
                0x0800137c                Reset_Handler
 .text.Default_Handler
                0x080013cc        0x2 Core/Startup/startup_stm32f407vgtx.o
                0x080013cc                RTC_Alarm_IRQHandler
                0x080013cc                HASH_RNG_IRQHandler
                0x080013cc                EXTI2_IRQHandler
                0x080013cc                TIM8_CC_IRQHandler
                0x080013cc                DebugMon_Handler
                0x080013cc                TIM1_CC_IRQHandler
                0x080013cc                DMA2_Stream5_IRQHandler
                0x080013cc                HardFault_Handler
                0x080013cc                DMA1_Stream5_IRQHandler
                0x080013cc                SysTick_Handler
                0x080013cc                PVD_IRQHandler
                0x080013cc                SDIO_IRQHandler
                0x080013cc                TAMP_STAMP_IRQHandler
                0x080013cc                PendSV_Handler
                0x080013cc                NMI_Handler
                0x080013cc                CAN2_RX1_IRQHandler
                0x080013cc                EXTI3_IRQHandler
                0x080013cc                TIM8_TRG_COM_TIM14_IRQHandler
                0x080013cc                TIM1_UP_TIM10_IRQHandler
                0x080013cc                TIM8_UP_TIM13_IRQHandler
                0x080013cc                I2C3_ER_IRQHandler
                0x080013cc                I2C2_EV_IRQHandler
                0x080013cc                DMA1_Stream2_IRQHandler
                0x080013cc                CAN1_RX0_IRQHandler
                0x080013cc                FPU_IRQHandler
                0x080013cc                OTG_HS_WKUP_IRQHandler
                0x080013cc                UsageFault_Handler
                0x080013cc                CAN2_SCE_IRQHandler
                0x080013cc                DMA2_Stream2_IRQHandler
                0x080013cc                SPI1_IRQHandler
                0x080013cc                TIM6_DAC_IRQHandler
                0x080013cc                TIM1_BRK_TIM9_IRQHandler
                0x080013cc                DCMI_IRQHandler
                0x080013cc                CAN2_RX0_IRQHandler
                0x080013cc                DMA2_Stream3_IRQHandler
                0x080013cc                USART6_IRQHandler
                0x080013cc                USART3_IRQHandler
                0x080013cc                CAN1_RX1_IRQHandler
                0x080013cc                UART5_IRQHandler
                0x080013cc                DMA2_Stream0_IRQHandler
                0x080013cc                TIM4_IRQHandler
                0x080013cc                I2C1_EV_IRQHandler
                0x080013cc                DMA1_Stream6_IRQHandler
                0x080013cc                DMA1_Stream1_IRQHandler
                0x080013cc                UART4_IRQHandler
                0x080013cc                TIM3_IRQHandler
                0x080013cc                RCC_IRQHandler
                0x080013cc                TIM8_BRK_TIM12_IRQHandler
                0x080013cc                Default_Handler
                0x080013cc                EXTI15_10_IRQHandler
                0x080013cc                ADC_IRQHandler
                0x080013cc                DMA1_Stream7_IRQHandler
                0x080013cc                TIM7_IRQHandler
                0x080013cc                CAN2_TX_IRQHandler
                0x080013cc                TIM5_IRQHandler
                0x080013cc                DMA2_Stream7_IRQHandler
                0x080013cc                I2C3_EV_IRQHandler
                0x080013cc                EXTI9_5_IRQHandler
                0x080013cc                RTC_WKUP_IRQHandler
                0x080013cc                ETH_WKUP_IRQHandler
                0x080013cc                SPI2_IRQHandler
                0x080013cc                OTG_HS_EP1_IN_IRQHandler
                0x080013cc                MemManage_Handler
                0x080013cc                DMA1_Stream0_IRQHandler
                0x080013cc                CAN1_TX_IRQHandler
                0x080013cc                SVC_Handler
                0x080013cc                EXTI4_IRQHandler
                0x080013cc                FSMC_IRQHandler
                0x080013cc                ETH_IRQHandler
                0x080013cc                OTG_HS_EP1_OUT_IRQHandler
                0x080013cc                WWDG_IRQHandler
                0x080013cc                TIM2_IRQHandler
                0x080013cc                OTG_FS_WKUP_IRQHandler
                0x080013cc                TIM1_TRG_COM_TIM11_IRQHandler
                0x080013cc                OTG_HS_IRQHandler
                0x080013cc                EXTI1_IRQHandler
                0x080013cc                USART2_IRQHandler
                0x080013cc                I2C2_ER_IRQHandler
                0x080013cc                DMA2_Stream1_IRQHandler
                0x080013cc                CAN1_SCE_IRQHandler
                0x080013cc                FLASH_IRQHandler
                0x080013cc                DMA2_Stream4_IRQHandler
                0x080013cc                BusFault_Handler
                0x080013cc                USART1_IRQHandler
                0x080013cc                OTG_FS_IRQHandler
                0x080013cc                SPI3_IRQHandler
                0x080013cc                DMA1_Stream4_IRQHandler
                0x080013cc                I2C1_ER_IRQHandler
                0x080013cc                DMA2_Stream6_IRQHandler
                0x080013cc                DMA1_Stream3_IRQHandler
 *(.glue_7)
 .glue_7        0x080013ce        0x0 linker stubs
 *(.glue_7t)
 .glue_7t       0x080013ce        0x0 linker stubs
 *(.eh_frame)
 *(.init)
 *(.fini)
                0x080013d0                        . = ALIGN (0x4)
 *fill*         0x080013ce        0x2 
                0x080013d0                        _etext = .

.vfp11_veneer   0x080013d0        0x0
 .vfp11_veneer  0x080013d0        0x0 linker stubs

.v4_bx          0x080013d0        0x0
 .v4_bx         0x080013d0        0x0 linker stubs

.iplt           0x080013d0        0x0
 .iplt          0x080013d0        0x0 main.o

.rodata         0x080013d0       0x24
                0x080013d0                        . = ALIGN (0x4)
 *(.rodata)
 .rodata        0x080013d0        0xc main.o
 .rodata        0x080013dc       0x18 Core/Src/system_stm32f4xx.o
                0x080013dc                AHBPrescTable
                0x080013ec                APBPrescTable
 *(.rodata*)
                0x080013f4                        . = ALIGN (0x4)

.rel.dyn        0x080013f4        0x0
 .rel.iplt      0x080013f4        0x0 main.o

.ARM.extab      0x080013f4        0x0
                0x080013f4                        . = ALIGN (0x4)
 *(.ARM.extab* .gnu.linkonce.armextab.*)
                0x080013f4                        . = ALIGN (0x4)

.ARM            0x080013f4        0x0
                0x080013f4                        . = ALIGN (0x4)
                0x080013f4                        __exidx_start = .
 *(.ARM.exidx*)
                0x080013f4                        __exidx_end = .
                0x080013f4                        . = ALIGN (0x4)

.preinit_array  0x080013f4        0x0
                0x080013f4                        . = ALIGN (0x4)
                0x080013f4                        PROVIDE (__preinit_array_start = .)
 *(.preinit_array*)
                0x080013f4                        PROVIDE (__preinit_array_end = .)
                0x080013f4                        . = ALIGN (0x4)

.init_array     0x080013f4        0x0
                0x080013f4                        . = ALIGN (0x4)
                0x080013f4                        PROVIDE (__init_array_start = .)
 *(SORT_BY_NAME(.init_array.*))
 *(.init_array*)
                0x080013f4                        PROVIDE (__init_array_end = .)
                0x080013f4                        . = ALIGN (0x4)

.fini_array     0x080013f4        0x0
                0x080013f4                        . = ALIGN (0x4)
                [!provide]                        PROVIDE (__fini_array_start = .)
 *(SORT_BY_NAME(.fini_array.*))
 *(.fini_array*)
                [!provide]                        PROVIDE (__fini_array_end = .)
                0x080013f4                        . = ALIGN (0x4)
                0x080013f4                        _sidata = LOADADDR (.data)

.data           0x20000000        0x4 load address 0x080013f4
                0x20000000                        . = ALIGN (0x4)
                0x20000000                        _sdata = .
 *(.data)
 .data          0x20000000        0x0 main.o
 .data          0x20000000        0x4 Core/Src/system_stm32f4xx.o
                0x20000000                SystemCoreClock
 .data          0x20000004        0x0 Core/Src/init.o
 .data          0x20000004        0x0 Core/Src/gpio.o
 .data          0x20000004        0x0 Core/Src/rcc.o
 .data          0x20000004        0x0 Core/Src/exti.o
 .data          0x20000004        0x0 Core/Src/it.o
 .data          0x20000004        0x0 Core/Src/spi_driver.o
 .data          0x20000004        0x0 Core/Startup/startup_stm32f407vgtx.o
 .data          0x20000004        0x0 /usr/lib/gcc/arm-none-eabi/13.2.1/../../../arm-none-eabi/lib/thumb/v7e-m+fp/hard/libc.a(libc_a-init.o)
 *(.data*)
 *(.RamFunc)
 *(.RamFunc*)
                0x20000004                        . = ALIGN (0x4)
                0x20000004                        _edata = .
                0x080013f8                        _siccmram = LOADADDR (.ccmram)

.igot.plt       0x20000004        0x0 load address 0x080013f8
 .igot.plt      0x20000004        0x0 main.o

.ccmram         0x10000000        0x0 load address 0x080013f8
                0x10000000                        . = ALIGN (0x4)
                0x10000000                        _sccmram = .
 *(.ccmram)
 *(.ccmram*)
                0x10000000                        . = ALIGN (0x4)
                0x10000000                        _eccmram = .
                0x10000000                        . = ALIGN (0x4)

.bss            0x20000004       0x2c
                0x20000004                        _sbss = .
                0x20000004                        __bss_start__ = _sbss
 *(.bss)
 .bss           0x20000004       0x2a main.o
                0x20000004                gpiod
                0x20000010                gpioa
                0x2000001c                spi2
                0x20000028                cnt
                0x2000002c                flag
                0x2000002d                flag1
 .bss           0x2000002e        0x0 Core/Src/system_stm32f4xx.o
 .bss           0x2000002e        0x0 Core/Src/init.o
 .bss           0x2000002e        0x0 Core/Src/gpio.o
 .bss           0x2000002e        0x0 Core/Src/rcc.o
 .bss           0x2000002e        0x0 Core/Src/exti.o
 .bss           0x2000002e        0x0 Core/Src/it.o
 .bss           0x2000002e        0x0 Core/Src/spi_driver.o
 .bss           0x2000002e        0x0 Core/Startup/startup_stm32f407vgtx.o
 .bss           0x2000002e        0x0 /usr/lib/gcc/arm-none-eabi/13.2.1/../../../arm-none-eabi/lib/thumb/v7e-m+fp/hard/libc.a(libc_a-init.o)
 *(.bss*)
 *(COMMON)
                0x20000030                        . = ALIGN (0x4)
 *fill*         0x2000002e        0x2 
                0x20000030                        _ebss = .
                0x20000030                        __bss_end__ = _ebss

._user_heap_stack
                0x20000030      0x600
                0x20000030                        . = ALIGN (0x8)
                [!provide]                        PROVIDE (end = .)
                [!provide]                        PROVIDE (_end = .)
                0x20000230                        . = (. + _Min_Heap_Size)
 *fill*         0x20000030      0x200 
                0x20000630                        . = (. + _Min_Stack_Size)
 *fill*         0x20000230      0x400 
                0x20000630                        . = ALIGN (0x8)

/DISCARD/
 libc.a(*)
 libm.a(*)
 libgcc.a(*)

.ARM.attributes
                0x00000000       0x32
 *(.ARM.attributes)
 .ARM.attributes
                0x00000000       0x34 main.o
 .ARM.attributes
                0x00000034       0x34 Core/Src/system_stm32f4xx.o
 .ARM.attributes
                0x00000068       0x34 Core/Src/init.o
 .ARM.attributes
                0x0000009c       0x34 Core/Src/gpio.o
 .ARM.attributes
                0x000000d0       0x34 Core/Src/rcc.o
 .ARM.attributes
                0x00000104       0x34 Core/Src/exti.o
 .ARM.attributes
                0x00000138       0x34 Core/Src/it.o
 .ARM.attributes
                0x0000016c       0x34 Core/Src/spi_driver.o
 .ARM.attributes
                0x000001a0       0x21 Core/Startup/startup_stm32f407vgtx.o
 .ARM.attributes
                0x000001c1       0x34 /usr/lib/gcc/arm-none-eabi/13.2.1/../../../arm-none-eabi/lib/thumb/v7e-m+fp/hard/libc.a(libc_a-init.o)
OUTPUT(main.elf elf32-littlearm)
LOAD linker stubs
LOAD /usr/lib/gcc/arm-none-eabi/13.2.1/../../../arm-none-eabi/lib/thumb/v7e-m+fp/hard/libc.a
LOAD /usr/lib/gcc/arm-none-eabi/13.2.1/../../../arm-none-eabi/lib/thumb/v7e-m+fp/hard/libm.a
LOAD /usr/lib/gcc/arm-none-eabi/13.2.1/thumb/v7e-m+fp/hard/libgcc.a

.debug_info     0x00000000     0x23ca
 .debug_info    0x00000000      0x6f9 main.o
 .debug_info    0x000006f9      0x4f1 Core/Src/system_stm32f4xx.o
 .debug_info    0x00000bea       0x4b Core/Src/init.o
 .debug_info    0x00000c35      0x5f5 Core/Src/gpio.o
 .debug_info    0x0000122a      0x244 Core/Src/rcc.o
 .debug_info    0x0000146e      0x761 Core/Src/exti.o
 .debug_info    0x00001bcf       0x92 Core/Src/it.o
 .debug_info    0x00001c61      0x65e Core/Src/spi_driver.o
 .debug_info    0x000022bf      0x10b /usr/lib/gcc/arm-none-eabi/13.2.1/../../../arm-none-eabi/lib/thumb/v7e-m+fp/hard/libc.a(libc_a-init.o)

.debug_abbrev   0x00000000      0x9fe
 .debug_abbrev  0x00000000      0x1f6 main.o
 .debug_abbrev  0x000001f6      0x11b Core/Src/system_stm32f4xx.o
 .debug_abbrev  0x00000311       0x31 Core/Src/init.o
 .debug_abbrev  0x00000342      0x170 Core/Src/gpio.o
 .debug_abbrev  0x000004b2       0xcd Core/Src/rcc.o
 .debug_abbrev  0x0000057f      0x1cc Core/Src/exti.o
 .debug_abbrev  0x0000074b       0x56 Core/Src/it.o
 .debug_abbrev  0x000007a1      0x194 Core/Src/spi_driver.o
 .debug_abbrev  0x00000935       0xc9 /usr/lib/gcc/arm-none-eabi/13.2.1/../../../arm-none-eabi/lib/thumb/v7e-m+fp/hard/libc.a(libc_a-init.o)

.debug_aranges  0x00000000      0x120
 .debug_aranges
                0x00000000       0x20 main.o
 .debug_aranges
                0x00000020       0x20 Core/Src/system_stm32f4xx.o
 .debug_aranges
                0x00000040       0x20 Core/Src/init.o
 .debug_aranges
                0x00000060       0x20 Core/Src/gpio.o
 .debug_aranges
                0x00000080       0x20 Core/Src/rcc.o
 .debug_aranges
                0x000000a0       0x20 Core/Src/exti.o
 .debug_aranges
                0x000000c0       0x20 Core/Src/it.o
 .debug_aranges
                0x000000e0       0x20 Core/Src/spi_driver.o
 .debug_aranges
                0x00000100       0x20 /usr/lib/gcc/arm-none-eabi/13.2.1/../../../arm-none-eabi/lib/thumb/v7e-m+fp/hard/libc.a(libc_a-init.o)

.debug_macro    0x00000000    0x1941a
 .debug_macro   0x00000000      0x1a8 main.o
 .debug_macro   0x000001a8      0xad2 main.o
 .debug_macro   0x00000c7a      0x34e main.o
 .debug_macro   0x00000fc8      0x190 main.o
 .debug_macro   0x00001158       0x2f main.o
 .debug_macro   0x00001187       0x1c main.o
 .debug_macro   0x000011a3       0x22 main.o
 .debug_macro   0x000011c5       0xfb main.o
 .debug_macro   0x000012c0     0x1011 main.o
 .debug_macro   0x000022d1      0x11f main.o
 .debug_macro   0x000023f0    0x15ea5 main.o
 .debug_macro   0x00018295       0x58 main.o
 .debug_macro   0x000182ed      0x12a main.o
 .debug_macro   0x00018417       0xee main.o
 .debug_macro   0x00018505       0xa6 main.o
 .debug_macro   0x000185ab       0x22 main.o
 .debug_macro   0x000185cd       0x60 main.o
 .debug_macro   0x0001862d       0x2a main.o
 .debug_macro   0x00018657       0x94 main.o
 .debug_macro   0x000186eb       0x3c main.o
 .debug_macro   0x00018727       0x34 main.o
 .debug_macro   0x0001875b       0x57 main.o
 .debug_macro   0x000187b2      0x370 main.o
 .debug_macro   0x00018b22       0x16 main.o
 .debug_macro   0x00018b38       0x4a main.o
 .debug_macro   0x00018b82       0x34 main.o
 .debug_macro   0x00018bb6       0x10 main.o
 .debug_macro   0x00018bc6       0x52 main.o
 .debug_macro   0x00018c18      0x1de main.o
 .debug_macro   0x00018df6       0x10 main.o
 .debug_macro   0x00018e06       0x3c main.o
 .debug_macro   0x00018e42       0x82 Core/Src/system_stm32f4xx.o
 .debug_macro   0x00018ec4       0x11 Core/Src/init.o
 .debug_macro   0x00018ed5       0xc4 Core/Src/gpio.o
 .debug_macro   0x00018f99       0xb0 Core/Src/rcc.o
 .debug_macro   0x00019049      0x130 Core/Src/rcc.o
 .debug_macro   0x00019179       0xa1 Core/Src/exti.o
 .debug_macro   0x0001921a       0xa1 Core/Src/it.o
 .debug_macro   0x000192bb       0xbf Core/Src/spi_driver.o
 .debug_macro   0x0001937a       0xa0 Core/Src/spi_driver.o

.debug_line     0x00000000     0x1537
 .debug_line    0x00000000      0x397 main.o
 .debug_line    0x00000397      0x1b6 Core/Src/system_stm32f4xx.o
 .debug_line    0x0000054d       0x48 Core/Src/init.o
 .debug_line    0x00000595      0x59a Core/Src/gpio.o
 .debug_line    0x00000b2f      0x200 Core/Src/rcc.o
 .debug_line    0x00000d2f      0x20d Core/Src/exti.o
 .debug_line    0x00000f3c      0x16a Core/Src/it.o
 .debug_line    0x000010a6      0x373 Core/Src/spi_driver.o
 .debug_line    0x00001419      0x11e /usr/lib/gcc/arm-none-eabi/13.2.1/../../../arm-none-eabi/lib/thumb/v7e-m+fp/hard/libc.a(libc_a-init.o)

.debug_str      0x00000000    0x8c32c
 .debug_str     0x00000000    0x8c32c main.o
                              0x8bb32 (size before relaxing)
 .debug_str     0x0008c32c    0x87a67 Core/Src/system_stm32f4xx.o
 .debug_str     0x0008c32c     0x2e08 Core/Src/init.o
 .debug_str     0x0008c32c    0x88ae8 Core/Src/gpio.o
 .debug_str     0x0008c32c    0x8891b Core/Src/rcc.o
 .debug_str     0x0008c32c    0x886c6 Core/Src/exti.o
 .debug_str     0x0008c32c    0x87ff8 Core/Src/it.o
 .debug_str     0x0008c32c    0x88db8 Core/Src/spi_driver.o
 .debug_str     0x0008c32c      0x1f5 /usr/lib/gcc/arm-none-eabi/13.2.1/../../../arm-none-eabi/lib/thumb/v7e-m+fp/hard/libc.a(libc_a-init.o)

.comment        0x00000000       0x26
 .comment       0x00000000       0x26 main.o
                                 0x27 (size before relaxing)
 .comment       0x00000026       0x27 Core/Src/system_stm32f4xx.o
 .comment       0x00000026       0x27 Core/Src/init.o
 .comment       0x00000026       0x27 Core/Src/gpio.o
 .comment       0x00000026       0x27 Core/Src/rcc.o
 .comment       0x00000026       0x27 Core/Src/exti.o
 .comment       0x00000026       0x27 Core/Src/it.o
 .comment       0x00000026       0x27 Core/Src/spi_driver.o
 .comment       0x00000026       0x27 /usr/lib/gcc/arm-none-eabi/13.2.1/../../../arm-none-eabi/lib/thumb/v7e-m+fp/hard/libc.a(libc_a-init.o)

.debug_frame    0x00000000      0x5bc
 .debug_frame   0x00000000       0xe0 main.o
 .debug_frame   0x000000e0       0x58 Core/Src/system_stm32f4xx.o
 .debug_frame   0x00000138       0x50 Core/Src/init.o
 .debug_frame   0x00000188      0x150 Core/Src/gpio.o
 .debug_frame   0x000002d8       0x38 Core/Src/rcc.o
 .debug_frame   0x00000310      0x110 Core/Src/exti.o
 .debug_frame   0x00000420       0x2c Core/Src/it.o
 .debug_frame   0x0000044c      0x144 Core/Src/spi_driver.o
 .debug_frame   0x00000590       0x2c /usr/lib/gcc/arm-none-eabi/13.2.1/../../../arm-none-eabi/lib/thumb/v7e-m+fp/hard/libc.a(libc_a-init.o)

.debug_loclists
                0x00000000       0x65
 .debug_loclists
                0x00000000       0x65 /usr/lib/gcc/arm-none-eabi/13.2.1/../../../arm-none-eabi/lib/thumb/v7e-m+fp/hard/libc.a(libc_a-init.o)
