Src/main.c:108:6:EnableFPU	4	static
Src/main.c:165:6:UART_init	24	static
Src/main.c:188:6:UartSend1Byte	24	static
Src/main.c:203:6:UartSendString	24	static
Src/main.c:214:6:USART1_IRQHandler	16	static
Src/main.c:230:6:print	176	static
Src/main.c:251:6:serial_plot_signals	5016	static
Src/main.c:272:6:SysTick_1ms_Init	4	static
Src/main.c:283:13:_utoa3	16	static
Src/main.c:291:13:LCD_Test_ColorBars	56	static
Src/main.c:301:13:LCD_Test_FillSpeed	104	static
Src/main.c:326:13:LCD_Test_Checkerboard	32	static
Src/main.c:335:13:LCD_Test_Lines	24	static
Src/main.c:348:13:LCD_Test_Blocks	64	static
Src/main.c:364:13:LCD_Test_Text	16	static
Src/main.c:381:13:LCD_Test_Gradient	32	static
Src/main.c:394:13:LCD_Test_All	16	static
Src/main.c:408:13:LCD_Animation_Rainbow	32	static
Src/main.c:440:13:LCD_GPIO_Init	24	static
Src/main.c:476:13:LCD_Config	8	static
Src/main.c:489:6:Button_handler	16	static
Src/main.c:502:6:MPU_handler	16	static
Src/main.c:531:10:GP22_TestCommunication	24	static
Src/main.c:604:5:main	16	static
Src/main.c:755:6:MX_GPIO_Init	48	static
Src/main.c:786:6:MX_SPI_Init	120	static
