Driver/Core/Src/spi_driver.c:11:23:SPI_FrameBytes	16	static
Driver/Core/Src/spi_driver.c:16:20:SPI_WriteDR8	16	static
Driver/Core/Src/spi_driver.c:21:20:SPI_WriteDR16	16	static
Driver/Core/Src/spi_driver.c:26:23:SPI_ReadDR8	16	static
Driver/Core/Src/spi_driver.c:31:24:SPI_ReadDR16	16	static
Driver/Core/Src/spi_driver.c:37:23:SPI_WaitFlag	24	static
Driver/Core/Src/spi_driver.c:53:23:SPI_WaitNotBusy	24	static
Driver/Core/Src/spi_driver.c:70:13:SPI_WaitNotBusyFromISR	24	static
Driver/Core/Src/spi_driver.c:82:13:SPI_ClearPendingRx	24	static
Driver/Core/Src/spi_driver.c:98:6:SPI_PeriClockControl	16	static
Driver/Core/Src/spi_driver.c:132:6:SPI_DeInit	16	static
Driver/Core/Src/spi_driver.c:148:6:SPI_GpioConfig	32	static
Driver/Core/Src/spi_driver.c:212:6:SPI_Init	24	static
Driver/Core/Src/spi_driver.c:299:6:SPI_PeripheralControl	16	static
Driver/Core/Src/spi_driver.c:311:6:SPI_SSI_Config	16	static
Driver/Core/Src/spi_driver.c:323:6:SPI_SSOE_Config	16	static
Driver/Core/Src/spi_driver.c:335:6:SPI_ChipSelect	16	static
Driver/Core/Src/spi_driver.c:354:9:SPI_GetFlagStatus	16	static
Driver/Core/Src/spi_driver.c:363:16:SPI_Transmit	40	static
Driver/Core/Src/spi_driver.c:433:16:SPI_Receive	56	static
Driver/Core/Src/spi_driver.c:503:16:SPI_TransmitReceive	56	static
Driver/Core/Src/spi_driver.c:585:13:SPI_DefaultCallback	16	static
Driver/Core/Src/spi_driver.c:598:16:SPI_GetIndex	16	static
Driver/Core/Src/spi_driver.c:616:6:SPI_RegisterCallback	24	static
Driver/Core/Src/spi_driver.c:626:13:SPI_ResetITState	16	static
Driver/Core/Src/spi_driver.c:646:13:SPI_StartQueuedReceiveFromISR	24	static
Driver/Core/Src/spi_driver.c:690:13:SPI_CompleteIT	24	static
Driver/Core/Src/spi_driver.c:723:13:SPI_AbortIT	24	static
Driver/Core/Src/spi_driver.c:737:23:SPI_StartIT	32	static
Driver/Core/Src/spi_driver.c:846:16:SPI_Transmit_IT	32	static
Driver/Core/Src/spi_driver.c:853:16:SPI_Receive_IT	40	static
Driver/Core/Src/spi_driver.c:893:16:SPI_TransmitReceive_IT	32	static
Driver/Core/Src/spi_driver.c:948:13:SPI_HandleTXE	32	static
Driver/Core/Src/spi_driver.c:1009:13:SPI_HandleRXNE	24	static
Driver/Core/Src/spi_driver.c:1084:6:SPI_IRQHandling	32	static
