Driver/Core/Src/stm32f4xx_it.c:7:6:delay_ms	24	static
Driver/Core/Src/stm32f4xx_it.c:13:6:NMI_Handler	4	static
Driver/Core/Src/stm32f4xx_it.c:17:6:HardFault_Handler	4	static
Driver/Core/Src/stm32f4xx_it.c:24:6:MemManage_Handler	4	static
Driver/Core/Src/stm32f4xx_it.c:31:6:BusFault_Handler	4	static
Driver/Core/Src/stm32f4xx_it.c:38:6:UsageFault_Handler	4	static
Driver/Core/Src/stm32f4xx_it.c:45:6:SVC_Handler	4	static
Driver/Core/Src/stm32f4xx_it.c:49:6:DebugMon_Handler	4	static
Driver/Core/Src/stm32f4xx_it.c:53:6:PendSV_Handler	4	static
Driver/Core/Src/stm32f4xx_it.c:57:6:SysTick_Handler	4	static
Driver/Core/Src/stm32f4xx_it.c:62:6:EXTI0_IRQHandler	8	static
Driver/Core/Src/stm32f4xx_it.c:67:6:EXTI1_IRQHandler	8	static
Driver/Core/Src/stm32f4xx_it.c:72:6:EXTI2_IRQHandler	8	static
Driver/Core/Src/stm32f4xx_it.c:77:6:EXTI3_IRQHandler	8	static
Driver/Core/Src/stm32f4xx_it.c:82:6:EXTI4_IRQHandler	8	static
Driver/Core/Src/stm32f4xx_it.c:87:6:EXTI9_5_IRQHandler	8	static
Driver/Core/Src/stm32f4xx_it.c:106:6:EXTI15_10_IRQHandler	8	static
Driver/Core/Src/stm32f4xx_it.c:144:6:SPI1_IRQHandler	8	static
Driver/Core/Src/stm32f4xx_it.c:149:6:SPI2_IRQHandler	8	static
Driver/Core/Src/stm32f4xx_it.c:154:6:SPI3_IRQHandler	4	static
